test.adb:1:04: (style) space required [-gnatyt]
test.adb:2:06: warning: unit "Runtime_Support" is not referenced [-gnatwu]
test.adb:3:13: warning: unit "neorv32.UART0" is not referenced [-gnatwu]
test.adb:4:06: warning: no entities of "neorv32" are referenced [-gnatwu]
test.adb:5:06: warning: unit "Uart0" is not referenced [-gnatwu]
test.adb:8:01: (style) multiple blank lines [-gnatyu]
test.adb:11:07: (style) space required [-gnatyt]
test.adb:12:07: (style) space required [-gnatyt]
test.adb:13:01: (style) trailing spaces not permitted [-gnatyb]
test.adb:14:07: (style) space required [-gnatyt]
